24
1 45
2 47
3 44
4 30
5 26
6 27
7 29
8 38
9 33
10 48
11 34
12 31
13 42
14 28
15 43
16 25
17 32
18 41
19 46
20 37
21 40
22 39
23 35
24 36
