1 3 6 43 78 95 109
2 4 13 20 23 25 33 45 62 84 94
5 14 18 38 39 58 69 107
7 8 12 16 24 64 65 68 73 75 86 87 92 96 108
9 41 47 63 67 74 89 100
10 17 29 37 46 51 54 76 99 101
11 19 31 40 53 71 83 93 104
15 26 30 56 57 60 70 90 103
21 22 35 36 49 59 81 88 106
27 52 66 72 80 85 111
28 42 50 77 98 110
32 34 61 79 91 97 105
44 48 55 82 102
13
